AvantGarde-Demi               	agd
AvantGarde-DemiOblique        	agdo
AvantGarde-Book               	agw
AvantGarde-BookOblique        	agwo
Bookman-Demi                  	bkd
Bookman-DemiItalic            	bkdi
Bookman-Light                 	bkl
Bookman-LightItalic           	bkli
Courier-Bold                  	cob
Courier-BoldOblique           	cobo
Courier                       	com
Courier-Oblique               	coo
Helvetica                     	hv
Helvetica-Bold                	hvb
Helvetica-BoldOblique         	hvbo
Helvetica-Condensed           	hvc
Helvetica-Condensed-Bold      	hvcb
Helvetica-Condensed-BoldObl   	hvcbo
Helvetica-Condensed-Oblique   	hvcdo
Helvetica-Narrow              	hvn
Helvetica-Narrow-Bold         	hvnb
Helvetica-Narrow-BoldOblique  	hvnbo
Helvetica-Narrow-Oblique      	hvno
Helvetica-Oblique             	hvo
Matrix                        	matrix
NewCenturySchlbk-Bold         	ncb
NewCenturySchlbk-BoldItalic   	ncbi
NewCenturySchlbk-Italic       	nci
NewCenturySchlbk-Roman        	ncr
Palatino-Bold                 	pob
Palatino-BoldItalic           	pobi
Palatino-Italic               	poi
Palatino-Roman                	por
Symbol                        	sy
Times-Bold                    	tib
Times-BoldItalic              	tibi
Times-Italic                  	tii
Times-Roman                   	tir
ZapfChancery-MediumItalic     	zcmi
ZapfDingbats                  	zd
